
> ishastra_backend@1.0.0 start
> node src/server.js

📈 Setting up price refresh cron jobs...
✅ Price refresh cron jobs scheduled successfully
🚀 Starting Expert Analysis Cron Jobs...
📅 Scheduled NIFTY 200 CORE: Tuesday-Friday 9:00 AM SG Time
📅 Scheduled NIFTY SATELLITE: Saturday 9:00 AM SG Time
✅ Expert Analysis cron jobs started successfully
🚀 Server running at http://localhost:8000
🔄 Running startup price refresh...
Please consider completing the survey at https://bit.ly/yahoo-finance-api-feedback if you haven't already; for more info see https://github.com/gadicc/node-yahoo-finance2/issues/764#issuecomment-2056623851.  This will only be shown once, but you can suppress this message in future with `yahooFinance.suppressNotices(['yahooSurvey'])`.
Fetching crumb and cookies from https://finance.yahoo.com/quote/AAPL...
We expected a redirect to guce.yahoo.com, but got https://finance.yahoo.com/quote/AAPL/
We'll try to continue anyway - you can safely ignore this if the request succeeds
Success. Cookie expires on Fri Aug 28 2026 19:32:26 GMT+0800 (Singapore Standard Time)
fetch https://query1.finance.yahoo.com/v1/test/getcrumb
New crumb: ..L8dwiI9GZ
[STARTUP] Price refresh (investments): Prices refreshed for 66 investments.
🔧 COFORGE Analysis - Original: 1434, Remaining: 1076, ForAnalysis: 1076
🔧 Clearing cache for partial trade ASHIANA.NS
🗑️ Cleared 0 cache entries for ASHIANA.NS
🔍 [TRADE-HEALTH] Analyzing health for ASHIANA.NS (ISH-2025-000001-DDDS1) with REAL AI
🔧 Cache key for ASHIANA.NS: "ASHIANA.NS_qty1076_1756359000000" (Original: 1434, Current: 1076, Partial: true)
🧠 [TRADE-HEALTH] Getting REAL AI analysis for ASHIANA.NS using generateExpertAIDecision
[Deprecated] historical() relies on an API that Yahoo have removed.  We'll map this request to chart() for convenience, but, please consider using chart() directly instead; for more info see https://github.com/gadicc/node-yahoo-finance2/issues/795.  This will only be shown once, but you can suppress this message in future with `yahooFinance.suppressNotices(['ripHistorical'])`.
✅ [TRADE-HEALTH] REAL AI Analysis complete for ASHIANA.NS:
   🎯 AI Decision: AVOID (Grade: C-)
   📊 AI Confidence: 45%
   ⚖️ Risk/Reward: 0.99x
   🏛️ Market Regime: NORMAL_HIGH (70%)
   🔧 Trade Readiness: AVOID
🎯 [NEXT-ACTION] ASHIANA.NS: recommendation=EXIT, isProfit=true, profitPercent=3.14%
✅ [TRADE-HEALTH] REAL AI analysis complete for ASHIANA.NS: EXIT
   🧠 AI Decision: AVOID (C-)
   📊 AI Confidence: 45%
   🏛️ Market Regime: NORMAL_HIGH
🔧 Before fix: "Sell ALL 1076 shares. Limit order at $310.46 or market order if urgent"
📊 Original: 1434, Remaining: 1076
🔧 After fix: "Sell ALL 1076 shares. Limit order at $310.46 or market order if urgent"
🔧 COFORGE Analysis - Original: 12, Remaining: 8, ForAnalysis: 8
🔧 Clearing cache for partial trade COFORGE.NS
🗑️ Cleared 0 cache entries for COFORGE.NS
🔍 [TRADE-HEALTH] Analyzing health for COFORGE.NS (ISH-2025-000005-7DRD4) with REAL AI
🔧 Cache key for COFORGE.NS: "COFORGE.NS_qty8_1756359000000" (Original: 12, Current: 8, Partial: true)
🧠 [TRADE-HEALTH] Getting REAL AI analysis for COFORGE.NS using generateExpertAIDecision
✅ [TRADE-HEALTH] REAL AI Analysis complete for COFORGE.NS:
   🎯 AI Decision: HOLD (Grade: C+)
   📊 AI Confidence: 60%
   ⚖️ Risk/Reward: 1.94x
   🏛️ Market Regime: NORMAL_HIGH (70%)
   🔧 Trade Readiness: READY
🎯 [NEXT-ACTION] COFORGE.NS: recommendation=HOLD, isProfit=true, profitPercent=4.89%
🎯 [NEXT-ACTION] COFORGE.NS: Default MONITOR path, checking for profit-taking opportunity
✅ [TRADE-HEALTH] REAL AI analysis complete for COFORGE.NS: HOLD
   🧠 AI Decision: HOLD (C+)
   📊 AI Confidence: 60%
   🏛️ Market Regime: NORMAL_HIGH
🔧 Before fix: "Watch 8 shares closely. Set alerts at 1821.02 (upside) and 1647.58 (downside)"
📊 Original: 12, Remaining: 8
🔧 After fix: "Watch 8 shares closely. Set alerts at 1821.02 (upside) and 1647.58 (downside)"
🔧 COFORGE Analysis - Original: 4765, Remaining: 4765, ForAnalysis: 4765
🔍 [TRADE-HEALTH] Analyzing health for RENUKA.NS (ISH-2025-000005-73C16) with REAL AI
🔧 Cache key for RENUKA.NS: "RENUKA.NS_1756359000000" (Original: 4765, Current: 4765, Partial: false)
🧠 [TRADE-HEALTH] Getting REAL AI analysis for RENUKA.NS using generateExpertAIDecision
✅ [TRADE-HEALTH] REAL AI Analysis complete for RENUKA.NS:
   🎯 AI Decision: AVOID (Grade: C-)
   📊 AI Confidence: 50%
   ⚖️ Risk/Reward: 0.82x
   🏛️ Market Regime: NORMAL_LOW (70%)
   🔧 Trade Readiness: AVOID
🎯 [NEXT-ACTION] RENUKA.NS: recommendation=EXIT, isProfit=false, profitPercent=2.1%
✅ [TRADE-HEALTH] REAL AI analysis complete for RENUKA.NS: EXIT
   🧠 AI Decision: AVOID (C-)
   📊 AI Confidence: 50%
   🏛️ Market Regime: NORMAL_LOW
🔧 Before fix: "Sell ALL 4765 shares. Limit order at $29.43 or market order if urgent"
📊 Original: 4765, Remaining: 4765
🔧 After fix: "Sell ALL 4765 shares. Limit order at $29.43 or market order if urgent"
📊 Getting position alerts...
📊 Checking 3 owned positions: ASHIANA.NS, COFORGE.NS, RENUKA.NS
🔍 Getting current signal for ASHIANA.NS...
❌ Expert AI decision failed for undefined: Technical analysis data is required
🔍 Getting current signal for COFORGE.NS...
❌ Expert AI decision failed for undefined: Technical analysis data is required
🔍 Getting current signal for RENUKA.NS...
❌ Expert AI decision failed for undefined: Technical analysis data is required
🔍 Retrieved 0 signals out of 3 symbols
📊 Generated 0 position alerts (0 performance + 0 signal)
🎯 [TRADE-DETAIL] Checking analysis conditions for COFORGE.NS: status='Partial Closed'
🎯 [TRADE-DETAIL] Analyzing health for COFORGE.NS (Partial Closed)
🔧 [TRADE-DETAIL] COFORGE.NS - Status: Partial Closed, Original: 12, Current: 8, Transactions: 2
🔧 [TRADE-DETAIL] Clearing cache for partial trade COFORGE.NS with 2 transactions
🗑️ Cleared 0 cache entries for COFORGE.NS
🔍 [TRADE-HEALTH] Analyzing health for COFORGE.NS (ISH-2025-000005-7DRD4) with REAL AI
🔧 Cache key for COFORGE.NS: "COFORGE.NS_qty8_1756359000000" (Original: 12, Current: 8, Partial: true)
🧠 [TRADE-HEALTH] Getting REAL AI analysis for COFORGE.NS using generateExpertAIDecision
✅ [TRADE-HEALTH] REAL AI Analysis complete for COFORGE.NS:
   🎯 AI Decision: HOLD (Grade: C+)
   📊 AI Confidence: 60%
   ⚖️ Risk/Reward: 1.95x
   🏛️ Market Regime: NORMAL_HIGH (70%)
   🔧 Trade Readiness: READY
🎯 [NEXT-ACTION] COFORGE.NS: recommendation=HOLD, isProfit=true, profitPercent=4.89%
🎯 [NEXT-ACTION] COFORGE.NS: Default MONITOR path, checking for profit-taking opportunity
✅ [TRADE-HEALTH] REAL AI analysis complete for COFORGE.NS: HOLD
   🧠 AI Decision: HOLD (C+)
   📊 AI Confidence: 60%
   🏛️ Market Regime: NORMAL_HIGH
✅ [TRADE-DETAIL] COFORGE.NS: WATCH CLOSELY (C+) - Analysis with 2 transactions
🎯 [TRADE-DETAIL] Checking analysis conditions for RENUKA.NS: status='Open'
🎯 [TRADE-DETAIL] Analyzing health for RENUKA.NS (Open)
🔧 [TRADE-DETAIL] RENUKA.NS - Status: Open, Original: 4765, Current: 4765, Transactions: 0
🔍 [TRADE-HEALTH] Analyzing health for RENUKA.NS (ISH-2025-000005-73C16) with REAL AI
🔧 Cache key for RENUKA.NS: "RENUKA.NS_1756359000000" (Original: 4765, Current: 4765, Partial: false)
🧠 [TRADE-HEALTH] Getting REAL AI analysis for RENUKA.NS using generateExpertAIDecision
✅ [TRADE-HEALTH] REAL AI Analysis complete for RENUKA.NS:
   🎯 AI Decision: AVOID (Grade: C-)
   📊 AI Confidence: 50%
   ⚖️ Risk/Reward: 0.82x
   🏛️ Market Regime: NORMAL_LOW (70%)
   🔧 Trade Readiness: AVOID
🎯 [NEXT-ACTION] RENUKA.NS: recommendation=EXIT, isProfit=false, profitPercent=2.1%
✅ [TRADE-HEALTH] REAL AI analysis complete for RENUKA.NS: EXIT
   🧠 AI Decision: AVOID (C-)
   📊 AI Confidence: 50%
   🏛️ Market Regime: NORMAL_LOW
✅ [TRADE-DETAIL] RENUKA.NS: EXIT NOW (C-) - Analysis with 0 transactions
🎯 [TRADE-DETAIL] Checking analysis conditions for ASHIANA.NS: status='Partial Closed'
🎯 [TRADE-DETAIL] Analyzing health for ASHIANA.NS (Partial Closed)
🔧 [TRADE-DETAIL] ASHIANA.NS - Status: Partial Closed, Original: 1434, Current: 1076, Transactions: 1
🔧 [TRADE-DETAIL] Clearing cache for partial trade ASHIANA.NS with 1 transactions
🗑️ Cleared 0 cache entries for ASHIANA.NS
🔍 [TRADE-HEALTH] Analyzing health for ASHIANA.NS (ISH-2025-000001-DDDS1) with REAL AI
🔧 Cache key for ASHIANA.NS: "ASHIANA.NS_qty1076_1756359000000" (Original: 1434, Current: 1076, Partial: true)
🧠 [TRADE-HEALTH] Getting REAL AI analysis for ASHIANA.NS using generateExpertAIDecision
✅ [TRADE-HEALTH] REAL AI Analysis complete for ASHIANA.NS:
   🎯 AI Decision: AVOID (Grade: C-)
   📊 AI Confidence: 45%
   ⚖️ Risk/Reward: 0.99x
   🏛️ Market Regime: NORMAL_HIGH (70%)
   🔧 Trade Readiness: AVOID
🎯 [NEXT-ACTION] ASHIANA.NS: recommendation=EXIT, isProfit=true, profitPercent=3.14%
✅ [TRADE-HEALTH] REAL AI analysis complete for ASHIANA.NS: EXIT
   🧠 AI Decision: AVOID (C-)
   📊 AI Confidence: 45%
   🏛️ Market Regime: NORMAL_HIGH
✅ [TRADE-DETAIL] ASHIANA.NS: EXIT NOW (C-) - Analysis with 1 transactions
🎯 [TRADE-DETAIL] Checking analysis conditions for RENUKA.NS: status='Open'
🎯 [TRADE-DETAIL] Analyzing health for RENUKA.NS (Open)
🔧 [TRADE-DETAIL] RENUKA.NS - Status: Open, Original: 4765, Current: 4765, Transactions: 0
🔍 [TRADE-HEALTH] Analyzing health for RENUKA.NS (ISH-2025-000005-73C16) with REAL AI
🔧 Cache key for RENUKA.NS: "RENUKA.NS_1756359300000" (Original: 4765, Current: 4765, Partial: false)
🧠 [TRADE-HEALTH] Getting REAL AI analysis for RENUKA.NS using generateExpertAIDecision
✅ [TRADE-HEALTH] REAL AI Analysis complete for RENUKA.NS:
   🎯 AI Decision: AVOID (Grade: C-)
   📊 AI Confidence: 50%
   ⚖️ Risk/Reward: 0.82x
   🏛️ Market Regime: NORMAL_LOW (70%)
   🔧 Trade Readiness: AVOID
🎯 [NEXT-ACTION] RENUKA.NS: recommendation=EXIT, isProfit=false, profitPercent=2.1%
✅ [TRADE-HEALTH] REAL AI analysis complete for RENUKA.NS: EXIT
   🧠 AI Decision: AVOID (C-)
   📊 AI Confidence: 50%
   🏛️ Market Regime: NORMAL_LOW
✅ [TRADE-DETAIL] RENUKA.NS: EXIT NOW (C-) - Analysis with 0 transactions
🎯 [TRADE-DETAIL] Checking analysis conditions for RENUKA.NS: status='Open'
🎯 [TRADE-DETAIL] Analyzing health for RENUKA.NS (Open)
🔧 [TRADE-DETAIL] RENUKA.NS - Status: Open, Original: 4765, Current: 4765, Transactions: 0
🔍 [TRADE-HEALTH] Analyzing health for RENUKA.NS (ISH-2025-000005-73C16) with REAL AI
🔧 Cache key for RENUKA.NS: "RENUKA.NS_1756359300000" (Original: 4765, Current: 4765, Partial: false)
🧠 [TRADE-HEALTH] Getting REAL AI analysis for RENUKA.NS using generateExpertAIDecision
✅ [TRADE-HEALTH] REAL AI Analysis complete for RENUKA.NS:
   🎯 AI Decision: AVOID (Grade: C-)
   📊 AI Confidence: 50%
   ⚖️ Risk/Reward: 0.82x
   🏛️ Market Regime: NORMAL_LOW (70%)
   🔧 Trade Readiness: AVOID
🎯 [NEXT-ACTION] RENUKA.NS: recommendation=EXIT, isProfit=false, profitPercent=2.1%
✅ [TRADE-HEALTH] REAL AI analysis complete for RENUKA.NS: EXIT
   🧠 AI Decision: AVOID (C-)
   📊 AI Confidence: 50%
   🏛️ Market Regime: NORMAL_LOW
✅ [TRADE-DETAIL] RENUKA.NS: EXIT NOW (C-) - Analysis with 0 transactions
🎯 [TRADE-DETAIL] Checking analysis conditions for RENUKA.NS: status='Open'
🎯 [TRADE-DETAIL] Analyzing health for RENUKA.NS (Open)
🔧 [TRADE-DETAIL] RENUKA.NS - Status: Open, Original: 4765, Current: 4765, Transactions: 0
🔍 [TRADE-HEALTH] Analyzing health for RENUKA.NS (ISH-2025-000005-73C16) with REAL AI
🔧 Cache key for RENUKA.NS: "RENUKA.NS_1756359300000" (Original: 4765, Current: 4765, Partial: false)
🧠 [TRADE-HEALTH] Getting REAL AI analysis for RENUKA.NS using generateExpertAIDecision
✅ [TRADE-HEALTH] REAL AI Analysis complete for RENUKA.NS:
   🎯 AI Decision: AVOID (Grade: C-)
   📊 AI Confidence: 50%
   ⚖️ Risk/Reward: 0.82x
   🏛️ Market Regime: NORMAL_LOW (70%)
   🔧 Trade Readiness: AVOID
🎯 [NEXT-ACTION] RENUKA.NS: recommendation=EXIT, isProfit=false, profitPercent=2.1%
✅ [TRADE-HEALTH] REAL AI analysis complete for RENUKA.NS: EXIT
   🧠 AI Decision: AVOID (C-)
   📊 AI Confidence: 50%
   🏛️ Market Regime: NORMAL_LOW
✅ [TRADE-DETAIL] RENUKA.NS: EXIT NOW (C-) - Analysis with 0 transactions
🎯 [TRADE-DETAIL] Checking analysis conditions for RENUKA.NS: status='Open'
🎯 [TRADE-DETAIL] Analyzing health for RENUKA.NS (Open)
🔧 [TRADE-DETAIL] RENUKA.NS - Status: Open, Original: 4765, Current: 4765, Transactions: 0
🔍 [TRADE-HEALTH] Analyzing health for RENUKA.NS (ISH-2025-000005-73C16) with REAL AI
🔧 Cache key for RENUKA.NS: "RENUKA.NS_1756359300000" (Original: 4765, Current: 4765, Partial: false)
🧠 [TRADE-HEALTH] Getting REAL AI analysis for RENUKA.NS using generateExpertAIDecision
✅ [TRADE-HEALTH] REAL AI Analysis complete for RENUKA.NS:
   🎯 AI Decision: AVOID (Grade: C-)
   📊 AI Confidence: 50%
   ⚖️ Risk/Reward: 0.82x
   🏛️ Market Regime: NORMAL_LOW (70%)
   🔧 Trade Readiness: AVOID
🎯 [NEXT-ACTION] RENUKA.NS: recommendation=EXIT, isProfit=false, profitPercent=2.1%
✅ [TRADE-HEALTH] REAL AI analysis complete for RENUKA.NS: EXIT
   🧠 AI Decision: AVOID (C-)
   📊 AI Confidence: 50%
   🏛️ Market Regime: NORMAL_LOW
✅ [TRADE-DETAIL] RENUKA.NS: EXIT NOW (C-) - Analysis with 0 transactions
🎯 [TRADE-DETAIL] Checking analysis conditions for RENUKA.NS: status='Closed'
🎯 [TRADE-DETAIL] Checking analysis conditions for RENUKA.NS: status='Closed'
🎯 [TRADE-DETAIL] Checking analysis conditions for ASHIANA.NS: status='Partial Closed'
🎯 [TRADE-DETAIL] Analyzing health for ASHIANA.NS (Partial Closed)
🔧 [TRADE-DETAIL] ASHIANA.NS - Status: Partial Closed, Original: 1434, Current: 1076, Transactions: 1
🔧 [TRADE-DETAIL] Clearing cache for partial trade ASHIANA.NS with 1 transactions
🗑️ Cleared 0 cache entries for ASHIANA.NS
🔍 [TRADE-HEALTH] Analyzing health for ASHIANA.NS (ISH-2025-000001-DDDS1) with REAL AI
🔧 Cache key for ASHIANA.NS: "ASHIANA.NS_qty1076_1756359300000" (Original: 1434, Current: 1076, Partial: true)
🧠 [TRADE-HEALTH] Getting REAL AI analysis for ASHIANA.NS using generateExpertAIDecision
✅ [TRADE-HEALTH] REAL AI Analysis complete for ASHIANA.NS:
   🎯 AI Decision: AVOID (Grade: C-)
   📊 AI Confidence: 45%
   ⚖️ Risk/Reward: 0.95x
   🏛️ Market Regime: NORMAL_HIGH (70%)
   🔧 Trade Readiness: AVOID
🎯 [NEXT-ACTION] ASHIANA.NS: recommendation=EXIT, isProfit=true, profitPercent=3.14%
✅ [TRADE-HEALTH] REAL AI analysis complete for ASHIANA.NS: EXIT
   🧠 AI Decision: AVOID (C-)
   📊 AI Confidence: 45%
   🏛️ Market Regime: NORMAL_HIGH
✅ [TRADE-DETAIL] ASHIANA.NS: EXIT NOW (C-) - Analysis with 1 transactions
🎯 [TRADE-DETAIL] Checking analysis conditions for ASHIANA.NS: status='Partial Closed'
🎯 [TRADE-DETAIL] Analyzing health for ASHIANA.NS (Partial Closed)
🔧 [TRADE-DETAIL] ASHIANA.NS - Status: Partial Closed, Original: 1434, Current: 1076, Transactions: 1
🔧 [TRADE-DETAIL] Clearing cache for partial trade ASHIANA.NS with 1 transactions
🗑️ Cleared 0 cache entries for ASHIANA.NS
🔍 [TRADE-HEALTH] Analyzing health for ASHIANA.NS (ISH-2025-000001-DDDS1) with REAL AI
🔧 Cache key for ASHIANA.NS: "ASHIANA.NS_qty1076_1756359300000" (Original: 1434, Current: 1076, Partial: true)
🧠 [TRADE-HEALTH] Getting REAL AI analysis for ASHIANA.NS using generateExpertAIDecision
✅ [TRADE-HEALTH] REAL AI Analysis complete for ASHIANA.NS:
   🎯 AI Decision: AVOID (Grade: C-)
   📊 AI Confidence: 45%
   ⚖️ Risk/Reward: 0.95x
   🏛️ Market Regime: NORMAL_HIGH (70%)
   🔧 Trade Readiness: AVOID
🎯 [NEXT-ACTION] ASHIANA.NS: recommendation=EXIT, isProfit=true, profitPercent=3.14%
✅ [TRADE-HEALTH] REAL AI analysis complete for ASHIANA.NS: EXIT
   🧠 AI Decision: AVOID (C-)
   📊 AI Confidence: 45%
   🏛️ Market Regime: NORMAL_HIGH
✅ [TRADE-DETAIL] ASHIANA.NS: EXIT NOW (C-) - Analysis with 1 transactions
🎯 [TRADE-DETAIL] Checking analysis conditions for ASHIANA.NS: status='Partial Closed'
🎯 [TRADE-DETAIL] Analyzing health for ASHIANA.NS (Partial Closed)
🔧 [TRADE-DETAIL] ASHIANA.NS - Status: Partial Closed, Original: 1434, Current: 1076, Transactions: 1
🔧 [TRADE-DETAIL] Clearing cache for partial trade ASHIANA.NS with 1 transactions
🗑️ Cleared 0 cache entries for ASHIANA.NS
🔍 [TRADE-HEALTH] Analyzing health for ASHIANA.NS (ISH-2025-000001-DDDS1) with REAL AI
🔧 Cache key for ASHIANA.NS: "ASHIANA.NS_qty1076_1756359300000" (Original: 1434, Current: 1076, Partial: true)
🧠 [TRADE-HEALTH] Getting REAL AI analysis for ASHIANA.NS using generateExpertAIDecision
✅ [TRADE-HEALTH] REAL AI Analysis complete for ASHIANA.NS:
   🎯 AI Decision: AVOID (Grade: C-)
   📊 AI Confidence: 45%
   ⚖️ Risk/Reward: 0.98x
   🏛️ Market Regime: NORMAL_HIGH (70%)
   🔧 Trade Readiness: AVOID
🎯 [NEXT-ACTION] ASHIANA.NS: recommendation=EXIT, isProfit=true, profitPercent=3.14%
✅ [TRADE-HEALTH] REAL AI analysis complete for ASHIANA.NS: EXIT
   🧠 AI Decision: AVOID (C-)
   📊 AI Confidence: 45%
   🏛️ Market Regime: NORMAL_HIGH
✅ [TRADE-DETAIL] ASHIANA.NS: EXIT NOW (C-) - Analysis with 1 transactions
🎯 [TRADE-DETAIL] Checking analysis conditions for ASHIANA.NS: status='Partial Closed'
🎯 [TRADE-DETAIL] Analyzing health for ASHIANA.NS (Partial Closed)
🔧 [TRADE-DETAIL] ASHIANA.NS - Status: Partial Closed, Original: 1434, Current: 1076, Transactions: 1
🔧 [TRADE-DETAIL] Clearing cache for partial trade ASHIANA.NS with 1 transactions
🗑️ Cleared 0 cache entries for ASHIANA.NS
🔍 [TRADE-HEALTH] Analyzing health for ASHIANA.NS (ISH-2025-000001-DDDS1) with REAL AI
🔧 Cache key for ASHIANA.NS: "ASHIANA.NS_qty1076_1756359300000" (Original: 1434, Current: 1076, Partial: true)
🧠 [TRADE-HEALTH] Getting REAL AI analysis for ASHIANA.NS using generateExpertAIDecision
✅ [TRADE-HEALTH] REAL AI Analysis complete for ASHIANA.NS:
   🎯 AI Decision: AVOID (Grade: C-)
   📊 AI Confidence: 45%
   ⚖️ Risk/Reward: 0.98x
   🏛️ Market Regime: NORMAL_HIGH (70%)
   🔧 Trade Readiness: AVOID
🎯 [NEXT-ACTION] ASHIANA.NS: recommendation=EXIT, isProfit=true, profitPercent=3.14%
✅ [TRADE-HEALTH] REAL AI analysis complete for ASHIANA.NS: EXIT
   🧠 AI Decision: AVOID (C-)
   📊 AI Confidence: 45%
   🏛️ Market Regime: NORMAL_HIGH
✅ [TRADE-DETAIL] ASHIANA.NS: EXIT NOW (C-) - Analysis with 1 transactions
⚠️  Warning: Remaining capital (2005602.75) exceeds total (2000000) for INR
🎯 [TRADE-DETAIL] Checking analysis conditions for ASHIANA.NS: status='Closed'
🎯 [TRADE-DETAIL] Checking analysis conditions for ASHIANA.NS: status='Closed'
🎯 [TRADE-DETAIL] Checking analysis conditions for COFORGE.NS: status='Partial Closed'
🎯 [TRADE-DETAIL] Analyzing health for COFORGE.NS (Partial Closed)
🔧 [TRADE-DETAIL] COFORGE.NS - Status: Partial Closed, Original: 12, Current: 8, Transactions: 2
🔧 [TRADE-DETAIL] Clearing cache for partial trade COFORGE.NS with 2 transactions
🗑️ Cleared 0 cache entries for COFORGE.NS
🔍 [TRADE-HEALTH] Analyzing health for COFORGE.NS (ISH-2025-000005-7DRD4) with REAL AI
🔧 Cache key for COFORGE.NS: "COFORGE.NS_qty8_1756359300000" (Original: 12, Current: 8, Partial: true)
🧠 [TRADE-HEALTH] Getting REAL AI analysis for COFORGE.NS using generateExpertAIDecision
✅ [TRADE-HEALTH] REAL AI Analysis complete for COFORGE.NS:
   🎯 AI Decision: HOLD (Grade: C+)
   📊 AI Confidence: 60%
   ⚖️ Risk/Reward: 1.99x
   🏛️ Market Regime: NORMAL_HIGH (70%)
   🔧 Trade Readiness: READY
🎯 [NEXT-ACTION] COFORGE.NS: recommendation=HOLD, isProfit=true, profitPercent=4.89%
🎯 [NEXT-ACTION] COFORGE.NS: Default MONITOR path, checking for profit-taking opportunity
✅ [TRADE-HEALTH] REAL AI analysis complete for COFORGE.NS: HOLD
   🧠 AI Decision: HOLD (C+)
   📊 AI Confidence: 60%
   🏛️ Market Regime: NORMAL_HIGH
✅ [TRADE-DETAIL] COFORGE.NS: WATCH CLOSELY (C+) - Analysis with 2 transactions
🎯 [TRADE-DETAIL] Checking analysis conditions for COFORGE.NS: status='Partial Closed'
🎯 [TRADE-DETAIL] Analyzing health for COFORGE.NS (Partial Closed)
🔧 [TRADE-DETAIL] COFORGE.NS - Status: Partial Closed, Original: 12, Current: 8, Transactions: 2
🔧 [TRADE-DETAIL] Clearing cache for partial trade COFORGE.NS with 2 transactions
🗑️ Cleared 0 cache entries for COFORGE.NS
🔍 [TRADE-HEALTH] Analyzing health for COFORGE.NS (ISH-2025-000005-7DRD4) with REAL AI
🔧 Cache key for COFORGE.NS: "COFORGE.NS_qty8_1756359300000" (Original: 12, Current: 8, Partial: true)
🧠 [TRADE-HEALTH] Getting REAL AI analysis for COFORGE.NS using generateExpertAIDecision
✅ [TRADE-HEALTH] REAL AI Analysis complete for COFORGE.NS:
   🎯 AI Decision: HOLD (Grade: C+)
   📊 AI Confidence: 60%
   ⚖️ Risk/Reward: 1.99x
   🏛️ Market Regime: NORMAL_HIGH (70%)
   🔧 Trade Readiness: READY
🎯 [NEXT-ACTION] COFORGE.NS: recommendation=HOLD, isProfit=true, profitPercent=4.89%
🎯 [NEXT-ACTION] COFORGE.NS: Default MONITOR path, checking for profit-taking opportunity
✅ [TRADE-HEALTH] REAL AI analysis complete for COFORGE.NS: HOLD
   🧠 AI Decision: HOLD (C+)
   📊 AI Confidence: 60%
   🏛️ Market Regime: NORMAL_HIGH
✅ [TRADE-DETAIL] COFORGE.NS: WATCH CLOSELY (C+) - Analysis with 2 transactions
